// Jest Snapshot v1, https://goo.gl/fbAQLP

exports[`renders without crashing 1`] = `
<div>
  <h2>
    Home Page
  </h2>
  <NewUser
    fetchData={[Function]}
  />
</div>
`;
