// Jest Snapshot v1, https://goo.gl/fbAQLP

exports[`renders without crashing 1`] = `
<div>
  <NewUser
    fetchData={[Function]}
  />
  <StyledCardsContainer />
</div>
`;
