// Jest Snapshot v1, https://goo.gl/fbAQLP

exports[`renders without crashing 1`] = `
<StyledBody>
  <div>
    <h1>
      hello world!
    </h1>
    <p>
      If you see this everything is working!
    </p>
    <Routes />
  </div>
</StyledBody>
`;
